---
source: crates/descar-core/tests/ast_snapshot.rs
expression: rendered
---
binary:
Add
AddEqual
Subtract
SubtractEqual
Multiply
MultiplyEqual
Divide
DivideEqual
Modulo
ModuloEqual
Equal
NotEqual
Less
LessEqual
Greater
GreaterEqual
And
Or
BitwiseAnd
BitwiseAndEqual
BitwiseOr
BitwiseOrEqual
BitwiseXor
BitwiseXorEqual
ShiftLeft
ShiftLeftEqual
ShiftRight
ShiftRightEqual
unary:
Negate
Not
BitwiseNot
Increment
Decrement
sides:
Prefix
Postfix
