---
source: crates/descar-core/tests/error_code_snapshots.rs
expression: rendered
---
E0001
code=E0001
numeric=1
phase=Lexer
severity=Error
message=invalid or unrecognized token
display=E0001: invalid or unrecognized token
---
E0002
code=E0002
numeric=2
phase=Lexer
severity=Error
message=malformed binary number literal
display=E0002: malformed binary number literal
---
E0003
code=E0003
numeric=3
phase=Lexer
severity=Error
message=malformed octal number literal
display=E0003: malformed octal number literal
---
E0004
code=E0004
numeric=4
phase=Lexer
severity=Error
message=malformed hexadecimal number literal
display=E0004: malformed hexadecimal number literal
---
E0005
code=E0005
numeric=5
phase=Lexer
severity=Error
message=unterminated string literal
display=E0005: unterminated string literal
---
E0006
code=E0006
numeric=6
phase=Lexer
severity=Error
message=unterminated character literal
display=E0006: unterminated character literal
---
E0007
code=E0007
numeric=7
phase=Lexer
severity=Error
message=invalid escape sequence
display=E0007: invalid escape sequence
---
E0008
code=E0008
numeric=8
phase=Lexer
severity=Error
message=unterminated multi-line comment
display=E0008: unterminated multi-line comment
---
E0009
code=E0009
numeric=9
phase=Lexer
severity=Error
message=invalid number suffix
display=E0009: invalid number suffix
---
E0010
code=E0010
numeric=10
phase=Lexer
severity=Error
message=number literal overflow
display=E0010: number literal overflow
---
E1001
code=E1001
numeric=1001
phase=Parser
severity=Error
message=maximum recursion depth exceeded
display=E1001: maximum recursion depth exceeded
---
E1002
code=E1002
numeric=1002
phase=Parser
severity=Error
message=invalid type specification
display=E1002: invalid type specification
---
E1003
code=E1003
numeric=1003
phase=Parser
severity=Error
message=invalid assignment target
display=E1003: invalid assignment target
---
E1004
code=E1004
numeric=1004
phase=Parser
severity=Error
message=unexpected token
display=E1004: unexpected token
---
E1005
code=E1005
numeric=1005
phase=Parser
severity=Error
message=invalid binary operator
display=E1005: invalid binary operator
---
E1006
code=E1006
numeric=1006
phase=Parser
severity=Error
message=expected expression
display=E1006: expected expression
---
E1007
code=E1007
numeric=1007
phase=Parser
severity=Error
message=expected statement
display=E1007: expected statement
---
E1008
code=E1008
numeric=1008
phase=Parser
severity=Error
message=expected identifier
display=E1008: expected identifier
---
E1009
code=E1009
numeric=1009
phase=Parser
severity=Error
message=expected type annotation
display=E1009: expected type annotation
---
E1010
code=E1010
numeric=1010
phase=Parser
severity=Error
message=unmatched parenthesis
display=E1010: unmatched parenthesis
---
E1011
code=E1011
numeric=1011
phase=Parser
severity=Error
message=unmatched brace
display=E1011: unmatched brace
---
E1012
code=E1012
numeric=1012
phase=Parser
severity=Error
message=unmatched bracket
display=E1012: unmatched bracket
---
E1013
code=E1013
numeric=1013
phase=Parser
severity=Warning
message=missing semicolon
display=E1013: missing semicolon
---
E1014
code=E1014
numeric=1014
phase=Parser
severity=Error
message=invalid function signature
display=E1014: invalid function signature
---
E1015
code=E1015
numeric=1015
phase=Parser
severity=Error
message=invalid parameter list
display=E1015: invalid parameter list
---
E2001
code=E2001
numeric=2001
phase=Semantic
severity=Error
message=initializer count mismatch
display=E2001: initializer count mismatch
---
E2002
code=E2002
numeric=2002
phase=Semantic
severity=Error
message=type mismatch in assignment
display=E2002: type mismatch in assignment
---
E2003
code=E2003
numeric=2003
phase=Semantic
severity=Error
message=missing return in some code paths
display=E2003: missing return in some code paths
---
E2004
code=E2004
numeric=2004
phase=Semantic
severity=Error
message=condition must be boolean
display=E2004: condition must be boolean
---
E2005
code=E2005
numeric=2005
phase=Semantic
severity=Error
message=return outside function
display=E2005: return outside function
---
E2006
code=E2006
numeric=2006
phase=Semantic
severity=Error
message=cannot return value from void function
display=E2006: cannot return value from void function
---
E2007
code=E2007
numeric=2007
phase=Semantic
severity=Error
message=return type mismatch
display=E2007: return type mismatch
---
E2008
code=E2008
numeric=2008
phase=Semantic
severity=Error
message=missing return value
display=E2008: missing return value
---
E2009
code=E2009
numeric=2009
phase=Semantic
severity=Error
message=break outside loop
display=E2009: break outside loop
---
E2010
code=E2010
numeric=2010
phase=Semantic
severity=Error
message=continue outside loop
display=E2010: continue outside loop
---
E2011
code=E2011
numeric=2011
phase=Semantic
severity=Error
message=bitwise operator requires integer operands
display=E2011: bitwise operator requires integer operands
---
E2012
code=E2012
numeric=2012
phase=Semantic
severity=Error
message=logical operator requires boolean operands
display=E2012: logical operator requires boolean operands
---
E2013
code=E2013
numeric=2013
phase=Semantic
severity=Error
message=arithmetic operator requires numeric operands
display=E2013: arithmetic operator requires numeric operands
---
E2014
code=E2014
numeric=2014
phase=Semantic
severity=Error
message=incompatible types in comparison
display=E2014: incompatible types in comparison
---
E2015
code=E2015
numeric=2015
phase=Semantic
severity=Error
message=type mismatch in binary operation
display=E2015: type mismatch in binary operation
---
E2016
code=E2016
numeric=2016
phase=Semantic
severity=Error
message=unsupported arithmetic operation
display=E2016: unsupported arithmetic operation
---
E2017
code=E2017
numeric=2017
phase=Semantic
severity=Error
message=logical operation requires boolean
display=E2017: logical operation requires boolean
---
E2018
code=E2018
numeric=2018
phase=Semantic
severity=Error
message=negation requires numeric type
display=E2018: negation requires numeric type
---
E2019
code=E2019
numeric=2019
phase=Semantic
severity=Error
message=logical NOT requires boolean type
display=E2019: logical NOT requires boolean type
---
E2020
code=E2020
numeric=2020
phase=Semantic
severity=Error
message=empty array literal
display=E2020: empty array literal
---
E2021
code=E2021
numeric=2021
phase=Semantic
severity=Error
message=mixed types in array literal
display=E2021: mixed types in array literal
---
E2022
code=E2022
numeric=2022
phase=Semantic
severity=Error
message=function cannot be used as variable
display=E2022: function cannot be used as variable
---
E2023
code=E2023
numeric=2023
phase=Semantic
severity=Error
message=undefined variable
display=E2023: undefined variable
---
E2024
code=E2024
numeric=2024
phase=Semantic
severity=Error
message=cannot assign to immutable variable
display=E2024: cannot assign to immutable variable
---
E2025
code=E2025
numeric=2025
phase=Semantic
severity=Error
message=undefined variable in assignment
display=E2025: undefined variable in assignment
---
E2026
code=E2026
numeric=2026
phase=Semantic
severity=Error
message=callee must be a function
display=E2026: callee must be a function
---
E2027
code=E2027
numeric=2027
phase=Semantic
severity=Error
message=undefined function
display=E2027: undefined function
---
E2028
code=E2028
numeric=2028
phase=Semantic
severity=Error
message=wrong number of arguments
display=E2028: wrong number of arguments
---
E2029
code=E2029
numeric=2029
phase=Semantic
severity=Error
message=argument type mismatch
display=E2029: argument type mismatch
---
E2030
code=E2030
numeric=2030
phase=Semantic
severity=Error
message=array index must be integer
display=E2030: array index must be integer
---
E2031
code=E2031
numeric=2031
phase=Semantic
severity=Error
message=cannot index non-array type
display=E2031: cannot index non-array type
---
E2032
code=E2032
numeric=2032
phase=Semantic
severity=Error
message=duplicate declaration
display=E2032: duplicate declaration
---
E3001
code=E3001
numeric=3001
phase=IrGeneration
severity=Error
message=break outside loop in IR
display=E3001: break outside loop in IR
---
E3002
code=E3002
numeric=3002
phase=IrGeneration
severity=Error
message=continue outside loop in IR
display=E3002: continue outside loop in IR
---
E3003
code=E3003
numeric=3003
phase=IrGeneration
severity=Error
message=invalid IR instruction
display=E3003: invalid IR instruction
---
E3004
code=E3004
numeric=3004
phase=IrGeneration
severity=Error
message=undefined variable in IR
display=E3004: undefined variable in IR
---
E3005
code=E3005
numeric=3005
phase=IrGeneration
severity=Error
message=invalid basic block
display=E3005: invalid basic block
---
E3006
code=E3006
numeric=3006
phase=IrGeneration
severity=Error
message=invalid block terminator
display=E3006: invalid block terminator
---
E3007
code=E3007
numeric=3007
phase=IrGeneration
severity=Error
message=SSA transformation error
display=E3007: SSA transformation error
---
E3008
code=E3008
numeric=3008
phase=IrGeneration
severity=Error
message=CFG construction error
display=E3008: CFG construction error
---
E4001
code=E4001
numeric=4001
phase=CodeGeneration
severity=Error
message=invalid assembly instruction
display=E4001: invalid assembly instruction
---
E4002
code=E4002
numeric=4002
phase=CodeGeneration
severity=Error
message=register allocation failed
display=E4002: register allocation failed
---
E4003
code=E4003
numeric=4003
phase=CodeGeneration
severity=Error
message=stack frame overflow
display=E4003: stack frame overflow
---
E4004
code=E4004
numeric=4004
phase=CodeGeneration
severity=Error
message=unsupported target platform
display=E4004: unsupported target platform
---
E4005
code=E4005
numeric=4005
phase=CodeGeneration
severity=Error
message=ABI violation
display=E4005: ABI violation
---
E5001
code=E5001
numeric=5001
phase=System
severity=Error
message=file not found
display=E5001: file not found
---
E5002
code=E5002
numeric=5002
phase=System
severity=Error
message=permission denied
display=E5002: permission denied
---
E5003
code=E5003
numeric=5003
phase=System
severity=Error
message=invalid file extension
display=E5003: invalid file extension
---
E5004
code=E5004
numeric=5004
phase=System
severity=Error
message=write error
display=E5004: write error
---
E5005
code=E5005
numeric=5005
phase=System
severity=Error
message=read error
display=E5005: read error
