---
source: crates/descar-core/tests/file_snapshots.rs
expression: rendered
---
Bytes : 0
-----------------------------------------
SI                   IEC                 
-----------------------------------------
0.00 B               0.00 B              
=========================================
Bytes : 1
-----------------------------------------
SI                   IEC                 
-----------------------------------------
1.00 B               1.00 B              
=========================================
Bytes : 999
-----------------------------------------
SI                   IEC                 
-----------------------------------------
999.00 B             999.00 B            
=========================================
Bytes : 1000
-----------------------------------------
SI                   IEC                 
-----------------------------------------
1.00 KB              1000.00 B           
=========================================
Bytes : 1023
-----------------------------------------
SI                   IEC                 
-----------------------------------------
1.02 KB              1023.00 B           
=========================================
Bytes : 1024
-----------------------------------------
SI                   IEC                 
-----------------------------------------
1.02 KB              1.00 KiB            
=========================================
Bytes : 1048576
-----------------------------------------
SI                   IEC                 
-----------------------------------------
1.05 MB              1.00 MiB            
=========================================
Bytes : 1000000000
-----------------------------------------
SI                   IEC                 
-----------------------------------------
1.00 GB              953.67 MiB          
=========================================
Bytes : 1099511627776
-----------------------------------------
SI                   IEC                 
-----------------------------------------
1.10 TB              1.00 TiB            
=========================================
Bytes : 18446744073709551615
-----------------------------------------
SI                   IEC                 
-----------------------------------------
18446.74 PB          16384.00 PiB
