---
source: crates/descar-core/tests/lexer_snapshot.rs
expression: token_kinds
---
[
    Ok(
        KeywordIf,
    ),
    Ok(
        OpenParen,
    ),
    Ok(
        IdentifierAscii(
            "x",
        ),
    ),
    Ok(
        GreaterEqual,
    ),
    Ok(
        Numeric(
            Integer(
                10,
            ),
        ),
    ),
    Ok(
        CloseParen,
    ),
    Ok(
        OpenBrace,
    ),
    Ok(
        IdentifierAscii(
            "print",
        ),
    ),
    Ok(
        OpenParen,
    ),
    Ok(
        StringLiteral(
            "big",
        ),
    ),
    Ok(
        CloseParen,
    ),
    Ok(
        Semicolon,
    ),
    Ok(
        CloseBrace,
    ),
    Ok(
        KeywordElse,
    ),
    Ok(
        OpenBrace,
    ),
    Ok(
        IdentifierAscii(
            "print",
        ),
    ),
    Ok(
        OpenParen,
    ),
    Ok(
        StringLiteral(
            "small",
        ),
    ),
    Ok(
        CloseParen,
    ),
    Ok(
        Semicolon,
    ),
    Ok(
        CloseBrace,
    ),
    Ok(
        Eof,
    ),
]
