---
source: crates/descar-core/tests/parser_snapshot.rs
expression: rendered
---
Expression Assign(Variable(x), Unary(Negate, Prefix, Grouping(Binary(Add, Variable(a), Binary(Multiply, Variable(b), Literal(Numeric(Integer(2))))))))
Expression Unary(Increment, Postfix, Variable(value))
Expression Unary(Not, Prefix, Variable(ready))
Expression ArrayAccess(Call(Variable(sum), [Literal(Numeric(Integer(1))), Literal(Numeric(Integer(2)))]), Literal(Numeric(Integer(0))))
