---
source: crates/descar-core/tests/token_kind_snapshot_tests.rs
expression: input_result
---
[
    (
        TypeI8,
        "'i8'",
    ),
    (
        TypeI16,
        "'i16'",
    ),
    (
        TypeI32,
        "'i32'",
    ),
    (
        TypeI64,
        "'i64'",
    ),
    (
        TypeU8,
        "'u8'",
    ),
    (
        TypeU16,
        "'u16'",
    ),
    (
        TypeU32,
        "'u32'",
    ),
    (
        TypeU64,
        "'u64'",
    ),
    (
        TypeF32,
        "'f32'",
    ),
    (
        TypeF64,
        "'f64'",
    ),
    (
        TypeChar,
        "'char'",
    ),
    (
        TypeString,
        "'string'",
    ),
    (
        TypeBool,
        "'bool'",
    ),
]
