---
source: crates/descar-core/tests/type_checker_snapshot_tests.rs
expression: errors
---
[
    TypeError {
        code: Some(
            E2002,
        ),
        message: "Cannot assign string to i32 for variable 'x'",
        span: SourceSpan {
            file_path: "test.vn",
            start: SourceLocation {
                line: 1,
                column: 14,
                offset: 13,
                index: 13,
                utf8_offset: 13,
                code_point_offset: 13,
            },
            end: SourceLocation {
                line: 1,
                column: 20,
                offset: 19,
                index: 19,
                utf8_offset: 19,
                code_point_offset: 19,
            },
        },
        help: None,
    },
]
